@!@!@STARTMSG 2262:0 @!@!@
TLC2 Version 2.19 of 08 August 2024 (rev: 5a47802)
@!@!@ENDMSG 2262 @!@!@
@!@!@STARTMSG 2187:0 @!@!@
Running breadth-first search Model-Checking with fp 124 and seed 8701012908173004922 with 1 worker on 10 cores with 3641MB heap and 64MB offheap memory [pid: 20968] (Mac OS X 27.0 aarch64, Homebrew 17.0.18 x86_64, MSBDiskFPSet, DiskStateQueue).
@!@!@ENDMSG 2187 @!@!@
@!@!@STARTMSG 2220:0 @!@!@
Starting SANY...
@!@!@ENDMSG 2220 @!@!@
Parsing file verification/models/retry-guard/RetryGuard.tla
Parsing file Naturals.tla
Semantic processing of module Naturals
Semantic processing of module RetryGuard
@!@!@STARTMSG 2219:0 @!@!@
SANY finished.
@!@!@ENDMSG 2219 @!@!@
@!@!@STARTMSG 2185:0 @!@!@
Starting... (2026-09-25 12:41:31)
@!@!@ENDMSG 2185 @!@!@
@!@!@STARTMSG 2189:0 @!@!@
Computing initial states...
@!@!@ENDMSG 2189 @!@!@
@!@!@STARTMSG 2190:0 @!@!@
Finished computing initial states: 1 distinct state generated at 2026-09-25 12:41:31.
@!@!@ENDMSG 2190 @!@!@
@!@!@STARTMSG 2110:1 @!@!@
Invariant BoundedAttempts is violated.
@!@!@ENDMSG 2110 @!@!@
@!@!@STARTMSG 2121:1 @!@!@
The behavior up to this point is:
@!@!@ENDMSG 2121 @!@!@
@!@!@STARTMSG 2217:4 @!@!@
1: <Initial predicate>
/\ errors = 0
/\ attempts = 0
/\ status = "running"
/\ timeouts = 0

@!@!@ENDMSG 2217 @!@!@
@!@!@STARTMSG 2217:4 @!@!@
2: <TransientStep line 41, col 3 to line 48, col 73 of module RetryGuard>
/\ errors = 1
/\ attempts = 1
/\ status = "running"
/\ timeouts = 0

@!@!@ENDMSG 2217 @!@!@
@!@!@STARTMSG 2217:4 @!@!@
3: <TimeoutStep line 51, col 3 to line 58, col 73 of module RetryGuard>
/\ errors = 0
/\ attempts = 2
/\ status = "running"
/\ timeouts = 1

@!@!@ENDMSG 2217 @!@!@
@!@!@STARTMSG 2217:4 @!@!@
4: <TransientStep line 41, col 3 to line 48, col 73 of module RetryGuard>
/\ errors = 1
/\ attempts = 3
/\ status = "running"
/\ timeouts = 0

@!@!@ENDMSG 2217 @!@!@
@!@!@STARTMSG 2217:4 @!@!@
5: <TimeoutStep line 51, col 3 to line 58, col 73 of module RetryGuard>
/\ errors = 0
/\ attempts = 4
/\ status = "running"
/\ timeouts = 1

@!@!@ENDMSG 2217 @!@!@
@!@!@STARTMSG 2217:4 @!@!@
6: <SuccessStep line 34, col 3 to line 38, col 26 of module RetryGuard>
/\ errors = 0
/\ attempts = 5
/\ status = "succeeded"
/\ timeouts = 1

@!@!@ENDMSG 2217 @!@!@
@!@!@STARTMSG 2200:0 @!@!@
Progress(6) at 2026-09-25 12:41:31: 34 states generated (13,972 s/min), 23 distinct states found (9,452 ds/min), 3 states left on queue.
@!@!@ENDMSG 2200 @!@!@
@!@!@STARTMSG 2199:0 @!@!@
34 states generated, 23 distinct states found, 3 states left on queue.
@!@!@ENDMSG 2199 @!@!@
@!@!@STARTMSG 2194:0 @!@!@
The depth of the complete state graph search is 6.
@!@!@ENDMSG 2194 @!@!@
@!@!@STARTMSG 2268:0 @!@!@
The average outdegree of the complete state graph is 1 (minimum is 0, the maximum 3 and the 95th percentile is 3).
@!@!@ENDMSG 2268 @!@!@
@!@!@STARTMSG 2186:0 @!@!@
Finished in 148ms at (2026-09-25 12:41:31)
@!@!@ENDMSG 2186 @!@!@
