@!@!@STARTMSG 2262:0 @!@!@
TLC2 Version 2.19 of 08 August 2024 (rev: 5a47802)
@!@!@ENDMSG 2262 @!@!@
@!@!@STARTMSG 2187:0 @!@!@
Running breadth-first search Model-Checking with fp 91 and seed -4376129077313838550 with 1 worker on 10 cores with 3641MB heap and 64MB offheap memory [pid: 21016] (Mac OS X 27.0 aarch64, Homebrew 17.0.18 x86_64, MSBDiskFPSet, DiskStateQueue).
@!@!@ENDMSG 2187 @!@!@
@!@!@STARTMSG 2220:0 @!@!@
Starting SANY...
@!@!@ENDMSG 2220 @!@!@
Parsing file verification/models/retry-guard/RetryGuard.tla
Parsing file Naturals.tla
Semantic processing of module Naturals
Semantic processing of module RetryGuard
@!@!@STARTMSG 2219:0 @!@!@
SANY finished.
@!@!@ENDMSG 2219 @!@!@
@!@!@STARTMSG 2185:0 @!@!@
Starting... (2026-09-25 12:41:32)
@!@!@ENDMSG 2185 @!@!@
@!@!@STARTMSG 2212:0 @!@!@
Implied-temporal checking--satisfiability problem has 1 branches.
@!@!@ENDMSG 2212 @!@!@
@!@!@STARTMSG 2189:0 @!@!@
Computing initial states...
@!@!@ENDMSG 2189 @!@!@
@!@!@STARTMSG 2190:0 @!@!@
Finished computing initial states: 1 distinct state generated at 2026-09-25 12:41:32.
@!@!@ENDMSG 2190 @!@!@
@!@!@STARTMSG 2200:0 @!@!@
Progress(4) at 2026-09-25 12:41:32: 23 states generated, 12 distinct states found, 0 states left on queue.
@!@!@ENDMSG 2200 @!@!@
@!@!@STARTMSG 2192:0 @!@!@
Checking temporal properties for the complete state space with 12 total distinct states at (2026-09-25 12:41:32)
@!@!@ENDMSG 2192 @!@!@
@!@!@STARTMSG 2116:1 @!@!@
Temporal properties were violated.

@!@!@ENDMSG 2116 @!@!@
@!@!@STARTMSG 2264:1 @!@!@
The following behavior constitutes a counter-example:

@!@!@ENDMSG 2264 @!@!@
@!@!@STARTMSG 2217:4 @!@!@
1: <Initial predicate>
/\ errors = 0
/\ attempts = 0
/\ status = "running"
/\ timeouts = 0

@!@!@ENDMSG 2217 @!@!@
@!@!@STARTMSG 2217:4 @!@!@
2: <TransientStep line 41, col 3 to line 48, col 73 of module RetryGuard>
/\ errors = 1
/\ attempts = 0
/\ status = "running"
/\ timeouts = 0

@!@!@ENDMSG 2217 @!@!@
@!@!@STARTMSG 2217:4 @!@!@
3: <TransientStep line 41, col 3 to line 48, col 73 of module RetryGuard>
/\ errors = 2
/\ attempts = 0
/\ status = "running"
/\ timeouts = 0

@!@!@ENDMSG 2217 @!@!@
@!@!@STARTMSG 2217:4 @!@!@
4: <TimeoutStep line 51, col 3 to line 58, col 73 of module RetryGuard>
/\ errors = 0
/\ attempts = 0
/\ status = "running"
/\ timeouts = 1

@!@!@ENDMSG 2217 @!@!@
@!@!@STARTMSG 2122:4 @!@!@
2: Back to state: <TransientStep line 41, col 3 to line 48, col 73 of module RetryGuard>

@!@!@ENDMSG 2122 @!@!@
@!@!@STARTMSG 2267:0 @!@!@
Finished checking temporal properties in 00s at 2026-09-25 12:41:32
@!@!@ENDMSG 2267 @!@!@
@!@!@STARTMSG 2200:0 @!@!@
Progress(4) at 2026-09-25 12:41:32: 23 states generated (9,200 s/min), 12 distinct states found (4,800 ds/min), 0 states left on queue.
@!@!@ENDMSG 2200 @!@!@
@!@!@STARTMSG 2199:0 @!@!@
23 states generated, 12 distinct states found, 0 states left on queue.
@!@!@ENDMSG 2199 @!@!@
@!@!@STARTMSG 2186:0 @!@!@
Finished in 152ms at (2026-09-25 12:41:32)
@!@!@ENDMSG 2186 @!@!@
